Slovak Koruna : SKK : SKK : 703 : 2
Bermudan Dollar : BMD : BMD : 60 : 2
Mexican Peso : MXN : MXN : 484 : 2
European Unit of Account (XBC) : XBC : XBC : 957 : -1
New Zealand Dollar : NZD : NZD : 554 : 2
French UIC-Franc : XFU : XFU : 0 : -1
Nicaraguan C車rdoba : NIO : NIO : 558 : 2
Afghan Afghani : AFN : AFN : 971 : 2
Syrian Pound : SYP : SYP : 760 : 2
Gambian Dalasi : GMD : GMD : 270 : 2
Slovenian Tolar : SIT : SIT : 705 : 2
Albanian Lek : ALL : ALL : 8 : 2
Bahraini Dinar : BHD : BHD : 48 : 3
Fijian Dollar : FJD : FJD : 242 : 2
Palladium : XPD : XPD : 964 : -1
Greek Drachma : GRD : GRD : 300 : 0
Sierra Leonean Leone : SLL : SLL : 694 : 2
Sri Lankan Rupee : LKR : LKR : 144 : 2
British Pound Sterling : GBP : GBP : 826 : 2
Cambodian Riel : KHR : KHR : 116 : 2
Swiss Franc : CHF : CHF : 756 : 2
Lebanese Pound : LBP : LBP : 422 : 2
Japanese Yen : JPY : JPY : 392 : 0
Canadian Dollar : CAD : CAD : 124 : 2
European Unit of Account (XBD) : XBD : XBD : 958 : -1
Qatari Rial : QAR : QAR : 634 : 2
Belize Dollar : BZD : BZD : 84 : 2
Trinidad and Tobago Dollar : TTD : TTD : 780 : 2
Estonian Kroon : EEK : EEK : 233 : 2
Jamaican Dollar : JMD : JMD : 388 : 2
Belarusian Ruble : BYR : BYR : 974 : 0
Zimbabwean Dollar (2009) : ZWL : ZWL : 932 : 2
Brunei Dollar : BND : BND : 96 : 2
Kazakhstani Tenge : KZT : KZT : 398 : 2
Serbian Dinar (2002-2006) : CSD : CSD : 891 : 2
Afghan Afghani (1927-2002) : AFA : AFA : 4 : 2
North Korean Won : KPW : KPW : 408 : 2
Somali Shilling : SOS : SOS : 706 : 2
Zambian Kwacha : ZMK : ZMK : 894 : 2
Cape Verdean Escudo : CVE : CVE : 132 : 2
Indian Rupee : INR : INR : 356 : 2
Djiboutian Franc : DJF : DJF : 262 : 0
Azerbaijani Manat (1993-2006) : AZM : AZM : 31 : 2
Venezuelan Bol赤var (1871-2008) : VEB : VEB : 862 : 2
Moldovan Leu : MDL : MDL : 498 : 2
Honduran Lempira : HNL : HNL : 340 : 2
French Franc : FRF : FRF : 250 : 2
Guyanaese Dollar : GYD : GYD : 328 : 2
Samoan Tala : WST : WST : 882 : 2
Surinamese Dollar : SRD : SRD : 968 : 2
Bulgarian Hard Lev : BGL : BGL : 100 : 2
Silver : XAG : XAG : 961 : -1
Croatian Kuna : HRK : HRK : 191 : 2
US Dollar : $ : USD : 840 : 2
Yemeni Rial : YER : YER : 886 : 2
Dominican Peso : DOP : DOP : 214 : 2
Nepalese Rupee : NPR : NPR : 524 : 2
Andorran Peseta : ADP : ADP : 20 : 0
Irish Pound : IEP : IEP : 372 : 2
ZWN : ZWN : ZWN : 942 : 2
Comorian Franc : KMF : KMF : 174 : 0
Algerian Dinar : DZD : DZD : 12 : 2
Tajikistani Somoni : TJS : TJS : 972 : 2
Zimbabwean Dollar (1980-2008) : ZWD : ZWD : 716 : 2
Macedonian Denar : MKD : MKD : 807 : 2
Netherlands Antillean Guilder : ANG : ANG : 532 : 2
Solomon Islands Dollar : SBD : SBD : 90 : 2
Israeli New Sheqel : ILS : ILS : 376 : 2
Hungarian Forint : HUF : HUF : 348 : 2
Cuban Convertible Peso : CUC : CUC : 931 : 2
Australian Dollar : AUD : AUD : 36 : 2
Czech Republic Koruna : CZK : CZK : 203 : 2
Mauritian Rupee : MUR : MUR : 480 : 2
Romanian Leu (1952-2006) : ROL : ROL : 946 : 2
Barbadian Dollar : BBD : BBD : 52 : 2
Liberian Dollar : LRD : LRD : 430 : 2
French Gold Franc : XFO : XFO : 0 : -1
US Dollar (Same day) : USS : USS : 998 : 2
Mexican Investment Unit : MXV : MXV : 979 : 2
AYM : AYM : AYM : 945 : 2
Turkmenistani Manat : TMT : TMT : 934 : 2
Singapore Dollar : SGD : SGD : 702 : 2
Philippine Peso : PHP : PHP : 608 : 2
Euro : EUR : EUR : 978 : 2
Costa Rican Col車n : CRC : CRC : 188 : 2
Papua New Guinean Kina : PGK : PGK : 598 : 2
Bolivian Boliviano : BOB : BOB : 68 : 2
Mauritanian Ouguiya : MRO : MRO : 478 : 2
Chinese Yuan : CNY : CNY : 156 : 2
Libyan Dinar : LYD : LYD : 434 : 3
Burundian Franc : BIF : BIF : 108 : 0
Luxembourgian Franc : LUF : LUF : 442 : 0
South Korean Won : KRW : KRW : 410 : 0
Gold : XAU : XAU : 959 : -1
European Monetary Unit : XBB : XBB : 956 : -1
Special Drawing Rights : XDR : XDR : 960 : -1
Icelandic Kr車na : ISK : ISK : 352 : 0
Surinamese Guilder : SRG : SRG : 740 : 2
CFP Franc : XPF : XPF : 953 : 0
XUA : XUA : XUA : 965 : -1
East Caribbean Dollar : XCD : XCD : 951 : 2
Haitian Gourde : HTG : HTG : 332 : 2
Colombian Peso : COP : COP : 170 : 2
Paraguayan Guarani : PYG : PYG : 600 : 0
Pakistani Rupee : PKR : PKR : 586 : 2
US Dollar (Next day) : USN : USN : 997 : 2
Lesotho Loti : LSL : LSL : 426 : 2
Guatemalan Quetzal : GTQ : GTQ : 320 : 2
Malaysian Ringgit : MYR : MYR : 458 : 2
Tanzanian Shilling : TZS : TZS : 834 : 2
Falkland Islands Pound : FKP : FKP : 238 : 2
Sudanese Dinar (1992-2007) : SDD : SDD : 736 : 2
Unknown Currency : XXX : XXX : 999 : -1
Latvian Lats : LVL : LVL : 428 : 2
Sudanese Pound : SDG : SDG : 938 : 2
Testing Currency Code : XTS : XTS : 963 : -1
Botswanan Pula : BWP : BWP : 72 : 2
Bosnia-Herzegovina Convertible Mark : BAM : BAM : 977 : 2
Salvadoran Col車n : SVC : SVC : 222 : 2
Indonesian Rupiah : IDR : IDR : 360 : 2
Maltese Lira : MTL : MTL : 470 : 2
Zimbabwean Dollar (2008) : ZWR : ZWR : 935 : 2
CFA Franc BEAC : XAF : XAF : 950 : 0
Maldivian Rufiyaa : MVR : MVR : 462 : 2
Turkmenistani Manat (1993-2009) : TMM : TMM : 795 : 2
Belarusian New Ruble (1994-1999) : BYB : BYB : 112 : 0
Ugandan Shilling : UGX : UGX : 800 : 2
South African Rand : ZAR : ZAR : 710 : 2
Venezuelan Bol赤var : VEF : VEF : 937 : 2
Malawian Kwacha : MWK : MWK : 454 : 2
United Arab Emirates Dirham : AED : AED : 784 : 2
Danish Krone : DKK : DKK : 208 : 2
Polish Zloty : PLN : PLN : 985 : 2
Swazi Lilangeni : SZL : SZL : 748 : 2
Gibraltar Pound : GIP : GIP : 292 : 2
Russian Ruble (1991-1998) : RUR : RUR : 810 : 2
Austrian Schilling : ATS : ATS : 40 : 2
Malagasy Ariary : MGA : MGA : 969 : 2
Thai Baht : THB : THB : 764 : 2
Eritrean Nakfa : ERN : ERN : 232 : 2
Macanese Pataca : MOP : MOP : 446 : 2
Saudi Riyal : SAR : SAR : 682 : 2
Bolivian Mvdol : BOV : BOV : 984 : 2
Cuban Peso : CUP : CUP : 192 : 2
Turkish Lira (1922-2005) : TRL : TRL : 792 : 0
Ghanaian Cedi : GHS : GHS : 936 : 2
Georgian Lari : GEL : GEL : 981 : 2
Jordanian Dinar : JOD : JOD : 400 : 3
Guinean Franc : GNF : GNF : 324 : 0
Iraqi Dinar : IQD : IQD : 368 : 3
Dutch Guilder : NLG : NLG : 528 : 2
Russian Ruble : RUB : RUB : 643 : 2
Nigerian Naira : NGN : NGN : 566 : 2
Hong Kong Dollar : HKD : HKD : 344 : 2
Ukrainian Hryvnia : UAH : UAH : 980 : 2
Serbian Dinar : RSD : RSD : 941 : 2
Saint Helena Pound : SHP : SHP : 654 : 2
Swedish Krona : SEK : SEK : 752 : 2
Yugoslavian New Dinar (1994-2002) : YUM : YUM : 891 : 2
Portuguese Escudo : PTE : PTE : 620 : 0
New Taiwan Dollar : TWD : TWD : 901 : 2
Cypriot Pound : CYP : CYP : 196 : 2
Ghanaian Cedi (1979-2007) : GHC : GHC : 288 : 2
Platinum : XPT : XPT : 962 : -1
Panamanian Balboa : PAB : PAB : 590 : 2
Vanuatu Vatu : VUV : VUV : 548 : 0
Bulgarian Lev : BGN : BGN : 975 : 2
Belgian Franc : BEF : BEF : 56 : 0
Malagasy Franc : MGF : MGF : 450 : 0
Brazilian Real : BRL : BRL : 986 : 2
Kyrgystani Som : KGS : KGS : 417 : 2
Uzbekistan Som : UZS : UZS : 860 : 2
Mozambican Metical : MZN : MZN : 943 : 2
S?o Tom谷 and Pr赤ncipe Dobra : STD : STD : 678 : 2
Iranian Rial : IRR : IRR : 364 : 2
Romanian Leu : RON : RON : 946 : 2
Guinea-Bissau Peso : GWP : GWP : 624 : 2
Norwegian Krone : NOK : NOK : 578 : 2
Congolese Franc : CDF : CDF : 976 : 2
Tunisian Dinar : TND : TND : 788 : 3
Seychellois Rupee : SCR : SCR : 690 : 2
Cayman Islands Dollar : KYD : KYD : 136 : 2
Aruban Florin : AWG : AWG : 533 : 2
Timorese Escudo : TPE : TPE : 626 : 0
Egyptian Pound : EGP : EGP : 818 : 2
European Composite Unit : XBA : XBA : 955 : -1
Lithuanian Litas : LTL : LTL : 440 : 2
Kuwaiti Dinar : KWD : KWD : 414 : 3
Armenian Dram : AMD : AMD : 51 : 2
Peruvian Nuevo Sol : PEN : PEN : 604 : 2
German Mark : DEM : DEM : 276 : 2
Mozambican Metical (1980-2006) : MZM : MZM : 508 : 2
Namibian Dollar : NAD : NAD : 516 : 2
Laotian Kip : LAK : LAK : 418 : 2
Bangladeshi Taka : BDT : BDT : 50 : 2
Mongolian Tugrik : MNT : MNT : 496 : 2
Azerbaijani Manat : AZN : AZN : 944 : 2
Rwandan Franc : RWF : RWF : 646 : 0
Tongan Pa?anga : TOP : TOP : 776 : 2
Ethiopian Birr : ETB : ETB : 230 : 2
Argentine Peso : ARS : ARS : 32 : 2
Turkish Lira : TRY : TRY : 949 : 2
Omani Rial : OMR : OMR : 512 : 3
Moroccan Dirham : MAD : MAD : 504 : 2
XSU : XSU : XSU : 994 : -1
Bhutanese Ngultrum : BTN : BTN : 64 : 2
Finnish Markka : FIM : FIM : 246 : 2
Vietnamese Dong : VND : VND : 704 : 2
Myanma Kyat : MMK : MMK : 104 : 2
Chilean Peso : CLP : CLP : 152 : 0
Italian Lira : ITL : ITL : 380 : 0
Bahamian Dollar : BSD : BSD : 44 : 2
Chilean Unit of Account (UF) : CLF : CLF : 990 : 0
Spanish Peseta : ESP : ESP : 724 : 0
CFA Franc BCEAO : XOF : XOF : 952 : 0
Uruguayan Peso : UYU : UYU : 858 : 2
Angolan Kwanza : AOA : AOA : 973 : 2
Kenyan Shilling : KES : KES : 404 : 2
